exports[`FormatText component Should display i18n value 1`] = `
<span>
  vimal1<b>vimal</b>
</span>
`;

exports[`FormatText component Should display i18n value as html 1`] = `
<span
  dangerouslySetInnerHTML={
    Object {
      "__html": "vimal1<b>vimal</b>",
    }
  } />
`;
